
> home@1.0.0 test
> jest --config=jest.property.config.js --testTimeout=60000 --maxWorkers=1 --verbose

node.exe : ts-jest[ts-jest-transformer] (WARN) Define `ts-jest` 
config under `globals` is deprecated. Please do
At line:1 char:1
+ & "C:\Program Files\nodejs/node.exe" "C:\Program 
Files\nodejs/node_mo ...
+ 
~~~~~~~~~~~~~~~~~~~~~~~~~~~~~~~~~~~~~~~~~~~~~~~~~~~~~~~~~~~~~~~~~~~~~
    + CategoryInfo          : NotSpecified: (ts-jest[ts-jest...ated.  
   Please do:String) [], RemoteException
    + FullyQualifiedErrorId : NativeCommandError
 
transform: {
    <transform_regex>: ['ts-jest', { /* ts-jest config goes here in 
Jest */ }],
},
See more at https://kulshekhar.github.io/ts-jest/docs/getting-started/
presets#advanced
ts-jest[backports] (WARN) "[jest-config].globals.ts-jest.skipBabel" 
is deprecated, use "[jest-config].globals.ts-jest.babelConfig" 
instead.
ts-jest[backports] (WARN) Your Jest configuration is outdated. Use 
the CLI to help migrating it: ts-jest config:migrate <config-file>.
ts-jest[config] (WARN) 
    The "ts-jest" config option "isolatedModules" is deprecated and 
will be removed in v30.0.0. Please use "isolatedModules: true" in 
C:/Users/nullity/Desktop/keep/jango/home/tsconfig.json instead, see 
https://www.typescriptlang.org/tsconfig/#isolatedModules
  
PASS stores/__tests__/profile-update.property.test.ts (34.211 s)
  Profile Update Properties
    Property 15: Profile update persistence (Civilian)
      ΓêÜ For any valid civilian profile updates, the updates should 
be validated, saved immediately, and reflected in the profile (1986 
ms)
      ΓêÜ Updating civilian profile with empty full_name should fail 
validation (469 ms)
      ΓêÜ Multiple sequential updates should preserve the latest 
values (228 ms)
    Property 15: Profile update persistence (Hero)
      ΓêÜ For any valid hero profile updates, the updates should be 
validated, saved immediately, and reflected in the profile (2332 ms)
      ΓêÜ Updating hero profile with negative hourly rate should fail 
validation (647 ms)
      ΓêÜ Updating hero skills should preserve all skill values (1152 
ms)
      ΓêÜ Updating hero availability should preserve all day settings 
(1184 ms)
    Property 15: Partial updates
      ΓêÜ Partial civilian profile updates should only modify 
specified fields (903 ms)
      ΓêÜ Partial hero profile updates should only modify specified 
fields (636 ms)

PASS stores/__tests__/hero-profile-synchronization.property.test.ts 
(22.284 s)
  Hero Profile Synchronization Properties
    Property 16: Hero profile synchronization
      ΓêÜ For any hero skills update, the changes should be 
immediately reflected in their public profile (1585 ms)
      ΓêÜ For any hero availability update, the changes should be 
immediately reflected in their public profile (1640 ms)
      ΓêÜ When a hero adds a new skill, they should immediately 
appear in skill-based searches (312 ms)
      ΓêÜ When a hero removes a skill, they should immediately 
disappear from skill-based searches (148 ms)
      ΓêÜ When a hero updates availability for a day, they should 
immediately appear/disappear in availability searches (367 ms)
      ΓêÜ Multiple rapid updates to hero profile should all be 
reflected in public profile (85 ms)
      ΓêÜ Updating both skills and availability simultaneously should 
reflect both changes in public profile (715 ms)
      ΓêÜ Hero profile updates should not affect other heroes' public 
profiles (313 ms)

PASS components/ui/__tests__/user-action-feedback.property.test.ts 
(42.365 s)
  User Action Feedback Properties
    Property 17: User action feedback consistency
      ΓêÜ All user actions should provide immediate visual feedback 
(5354 ms)
      ΓêÜ Async actions should always show loading state during 
execution (4977 ms)
      ΓêÜ Successful actions should always show success feedback 
(2902 ms)
      ΓêÜ Failed actions should always show error feedback (3293 ms)
      ΓêÜ Loading state should never coexist with success or error 
states (1680 ms)
      ΓêÜ Success and error states should be mutually exclusive (3865 
ms)
      ΓêÜ Feedback messages should always be present when feedback is 
shown (2300 ms)
      ΓêÜ Feedback progression should follow logical sequence (3438 
ms)
      ΓêÜ Form submissions should always provide validation feedback 
(7246 ms)
      ΓêÜ Input changes should provide immediate feedback for 
validation (1689 ms)
      ΓêÜ Multiple sequential actions should maintain feedback 
consistency (3978 ms)

